keymaps 0-2,4-6,8-9,12
alt_is_meta
include "linux-with-alt-and-altgr.inc"
strings as usual

keycode  41 = dollar               asciitilde

keycode   2 = numbersign          percent
keycode   3 = bracketleft         one
keycode   4 = braceleft           two
keycode   5 = parenleft           three
keycode   6 = equal               four
keycode   7 = asterisk            five
keycode   8 = plus                six
keycode   9 = parenright          seven
keycode  10 = braceright          eight
keycode  11 = bracketright        nine
keycode  12 = exclam              zero
keycode  13 = grave               ampersand

keycode  16 = semicolon            colon
keycode  17 = comma                less
keycode  18 = period               greater
keycode  19 = p
keycode  20 = y
keycode  21 = f
keycode  22 = g
keycode  23 = c
keycode  24 = r
keycode  25 = l
keycode  26 = slash                question
keycode  27 = at                   asciicircum

keycode  30 = a
keycode  31 = o
keycode  32 = e
keycode  33 = u
keycode  34 = i
keycode  35 = d
keycode  36 = h
keycode  37 = t
keycode  38 = n
keycode  39 = s
keycode  40 = minus                underscore
keycode  43 = backslash            bar

keycode  86 = less                 greater          bar
keycode  44 = apostrophe           quotedbl
keycode  45 = q
keycode  46 = j
keycode  47 = k
keycode  48 = x
keycode  49 = b
keycode  50 = m
keycode  51 = w
keycode  52 = v
keycode  53 = z

keycode  57 = space

keycode   1 = Escape
keycode  14 = Delete
keycode  15 = Tab
keycode  28 = Return
keycode  29 = Control
keycode  42 = Shift
keycode  54 = Shift
keycode  56 = Alt
keycode  58 = Caps_Lock
keycode  97 = Control
